#seq_id	start_pos	end_pos	seq_len	action	div	agg_cont_cov	top_tax_name
